// Jest Snapshot v1, https://goo.gl/fbAQLP

exports[`Client tests should display page  1`] = `"<h1>FrontPage</h1><a href=\\"/todos\\">Todo</a>"`;

exports[`Client tests should render todos page 1`] = `
"<h1>Welcome to this awsome todo app</h1>
<p>Loading...</p>
<form class=\\"todoForm\\">
  <div>Title: <input type=\\"text\\" name=\\"title\\" value=\\"\\"></div>
  <div>Text <input type=\\"text\\" name=\\"text\\" value=\\"\\"></div>
  <div><button type=\\"submit\\">Add</button></div>
</form>
<ul></ul>
<h1>Completed</h1>
<ul></ul>"
`;
